1
validate_memory_regions: 0
dynamic_heap_size: 106971712
free_dynamic_memory: 4211104
numFreeMemoryRegions: 3
0 0 0 0 0 0 0 0 1 0 0 0 0 0 1 0 0 0 0 0 0 0 1 0 0 0 0 0 0 0 0 0 
unclaimed_heap_memory: 21999616
